main.c:74:6:HAL_TIM_PWM_PulseFinishedCallback	16	static
main.c:80:6:Set_LED	24	static
main.c:90:6:Set_Brightness	16	static
main.c:112:6:WS2812_Send	32	static
main.c:152:6:Reset_LED	16	static
main.c:169:6:BrakeFull	16	static
main.c:180:6:BrakeMiddle	16	static
main.c:191:6:ParkFull	16	static
main.c:202:6:ParkMiddle	16	static
main.c:215:6:LeftBlinker	16	static
main.c:228:6:LeftDim	16	static
main.c:239:6:LeftLit	16	static
main.c:250:6:LeftFull	16	static
main.c:263:6:RightBlinker	16	static
main.c:275:6:RightDim	16	static
main.c:286:6:RightLit	16	static
main.c:297:6:RightFull	16	static
main.c:308:6:DualBlinker	16	static
main.c:319:6:Left	8	static
main.c:327:6:Right	8	static
main.c:335:6:Left_Break	8	static
main.c:343:6:Right_Break	8	static
main.c:350:6:Dual	8	static
main.c:359:6:Dual_Break	8	static
main.c:375:5:main	24	static
main.c:444:6:SystemClock_Config	88	static
main.c:495:13:MX_TIM1_Init	112	static
main.c:573:13:MX_DMA_Init	16	static
main.c:591:13:MX_GPIO_Init	16	static
main.c:607:6:Error_Handler	4	static,ignoring_inline_asm
