WS2812.c:28:6:HAL_TIM_PWM_PulseFinishedCallback	16	static
WS2812.c:34:6:Set_LED	24	static
WS2812.c:44:6:Set_Brightness	16	static
WS2812.c:66:6:WS2812_Send	32	static
WS2812.c:106:6:Reset_LED	16	static
WS2812.c:123:6:BrakeFull	16	static
WS2812.c:134:6:BrakeMiddle	16	static
WS2812.c:145:6:ParkFull	16	static
WS2812.c:156:6:ParkMiddle	16	static
WS2812.c:169:6:LeftBlinker	16	static
WS2812.c:182:6:LeftDim	16	static
WS2812.c:193:6:LeftLit	16	static
WS2812.c:204:6:LeftFull	16	static
WS2812.c:217:6:RightBlinker	16	static
WS2812.c:233:6:RightDim	16	static
WS2812.c:244:6:RightLit	16	static
WS2812.c:255:6:RightFull	16	static
WS2812.c:266:6:DualBlinker	16	static
WS2812.c:275:6:Start_ON	32	static
WS2812.c:313:6:Left	8	static
WS2812.c:321:6:Right	8	static
WS2812.c:329:6:Left_Break	8	static
WS2812.c:337:6:Right_Break	8	static
WS2812.c:344:6:Dual	8	static
WS2812.c:353:6:Dual_Break	8	static
